  401228     3733 Code                ABERROR_TEXT
  40495C      24E Code                ABFILE_TEXT
  404BAC      28E Code                ABFUZZY_TEXT
  404E3C       E3 Code                ABRESIZE_TEXT
  404F20      263 Code                ABTOOLBA_TEXT
  405184     1CE5 Code                ABUTIL_TEXT
  406E6C     2601 Code                ABWINDOW_TEXT
  409470      147 Code                CWSYNCHC_TEXT
  4095B8      447 Code                GITHUBDEMO001_TEXT
  409A00      17F Code                GITHUBDEMO002_TEXT
  409B80       46 Code                GITHUBDEMO_BC0_TEXT
  409BC8       3C Code                GITHUBDEMO_BC_TEXT
  409C04      104 Code                GITHUBDEMO_TEXT
  409D08       23 Code                IEXE32_TEXT
  409D2C      3C3 Code                INIT_TEXT
  40A0F0        D Code                INST00_TEXT
  40B000     1290 Initialized Data    $DEFAULTERRORS_DATA
  40C290       23 Initialized Data    ABEIP_CONST
  40C2B4       3C Initialized Data    ABEIP_DATA
  40C2F0      2A7 Initialized Data    ABERROR_CONST
  40C598      AA4 Initialized Data    ABERROR_DATA
  40D03C        9 Initialized Data    ABFILE_CONST
  40D048      147 Initialized Data    ABFILE_DATA
  40D190       B4 Initialized Data    ABFUZZY_DATA
  40D244        2 Initialized Data    ABPOPUP_CONST
  40D248        D Initialized Data    ABTOOLBA_CONST
  40D258       4C Initialized Data    ABTOOLBA_DATA
  40D2A4       B8 Initialized Data    ABUTIL_CONST
  40D35C       EB Initialized Data    ABUTIL_DATA
  40D448       14 Initialized Data    ABWINDOW_CONST
  40D45C       3F Initialized Data    ABWINDOW_DATA
  40D49C       48 Initialized Data    CWSYNCHC_DATA
  40D4E4       54 Initialized Data    GITHUBDEMO001_CONST
  40D538      28C Initialized Data    GITHUBDEMO001_DATA
  40D7C4       A1 Initialized Data    GITHUBDEMO002_DATA
  40D868       10 Initialized Data    GITHUBDEMO_CONST
  40D878       1C Initialized Data    GITHUBDEMO_DATA
  40D894       44 Initialized Data    IEXE32_DATA
  40D8D8        0 Initialized Data    __CPPINI_CONS
  40D8D8      1F8 Initialized Data    __CPPINI_CONST
  40DAD0        4 Initialized Data    __CPPINI_END
  40DAD4        0 Initialized Data    __INIVMT_CONS
  40DAD4       68 Initialized Data    __INIVMT_CONST
  40DB3C        0 Initialized Data    __INIVMT_CONST_END
  40DB40     1623 Un-initialized Data $FUZZYMATCHER_BSS
  40F164       40 Un-initialized Data ABEIP_BSS
  40F1A4      404 Un-initialized Data ABERROR_BSS
  40F5A8       10 Un-initialized Data ABFILE_BSS
  40F5B8        4 Un-initialized Data ABFUZZY_BSS
  40F5BC      104 Un-initialized Data ABUTIL_BSS
  40F6C0      14C Un-initialized Data GITHUBDEMO_BSS
  410000        8 __T_L_S__DAT
  410008       A8 __T_L_S__DATA
  4100B0        0 __T_L_S__DATA_END
  4100B0        0 __T_L_S__BS
  4100B0     1C40 __T_L_S__BSS
  411CF0        0 __T_L_S__BSS_END

  401360 KILL_@_WINDOWCOMPONENT_@_HISTHANDLERCLASS@F15WINDOWCOMPONENT
  401380 RESET_@_WINDOWCOMPONENT_@_HISTHANDLERCLASS@F15WINDOWCOMPONENTUc
  4013A8 RESETREQUIRED_@_WINDOWCOMPONENT_@_HISTHANDLERCLASS@F15WINDOWCOMPONENT
  4013C8 SETALERTS_@_WINDOWCOMPONENT_@_HISTHANDLERCLASS@F15WINDOWCOMPONENT
  4013E8 TAKEEVENT_@_WINDOWCOMPONENT_@_HISTHANDLERCLASS@F15WINDOWCOMPONENT
  401414 UPDATE_@_WINDOWCOMPONENT_@_HISTHANDLERCLASS@F15WINDOWCOMPONENT
  401434 UPDATEWINDOW_@_WINDOWCOMPONENT_@_HISTHANDLERCLASS@F15WINDOWCOMPONENT
  401464 VLBPROC@F16HISTHANDLERCLASSls
  401570 TAKEEVENT@F16HISTHANDLERCLASS
  401660 INIT@F16HISTHANDLERCLASSBw10ERRORCLASS16ERRORHISTORYLIST
  4016A8 _VLBPROC@F16HISTHANDLERCLASSls
  4016F4 TAKEACCEPTED@F11MSGBOXCLASS
  401754 SETUPADDITIONALFEQS@F11MSGBOXCLASS
  4017FC KILL@F11MSGBOXCLASS
  401864 INIT@F11MSGBOXCLASS
  401B74 INIT@F11MSGBOXCLASSBw10ERRORCLASSOsbllll
  401C44 FETCHSTDBUTTON@F11MSGBOXCLASSs
  401CBC GETALLSTATUSVARIABLES@F10ERRORCLASS16ERRORSTATUSGROUP
  401D44 GETERRORBUFFERFATALITY@F10ERRORCLASS
  401DC0 GETERRORBUFFERTITLE@F10ERRORCLASS
  401E44 GETERRORBUFFERID@F10ERRORCLASS
  401EB4 STOREERRORENTRY@F10ERRORCLASSUs
  402054 GETHISTORYRESETONVIEW@F10ERRORCLASS
  4020B8 SETHISTORYRESETONVIEW@F10ERRORCLASSUc
  402124 GETHISTORYVIEWLEVEL@F10ERRORCLASS
  402188 SETHISTORYVIEWLEVEL@F10ERRORCLASSl
  4021F4 GETHISTORYTHRESHOLD@F10ERRORCLASS
  402258 SETHISTORYTHRESHOLD@F10ERRORCLASSl
  4022C4 GETLOGERRORS@F10ERRORCLASS
  402328 GETSILENT@F10ERRORCLASS
  40238C SETDEFAULTCATEGORY@F10ERRORCLASSsa
  4023F8 GETDEFAULTCATEGORY@F10ERRORCLASS
  40245C VIEWHISTORY@F10ERRORCLASS
  4024D0 THROW@F10ERRORCLASSs
  40250C TAKEUSER@F10ERRORCLASS
  40258C TAKEPROGRAM@F10ERRORCLASS
  4025B8 TAKEOTHER@F10ERRORCLASS
  4025E4 TAKENOTIFY@F10ERRORCLASS
  402654 TAKEFATAL@F10ERRORCLASS
  4026F4 TAKEERROR@F10ERRORCLASSs
  4028FC TAKEBENIGN@F10ERRORCLASS
  40291C SUBSSTRING@F10ERRORCLASS
  402D50 SETPROCEDURENAME@F10ERRORCLASSOsb
  402E48 GETERRORENTRY@F10ERRORCLASSUs15ERRORENTRYGROUPl
  402F08 GETERRORENTRY@F10ERRORCLASSUs15ERRORENTRYGROUP
  402F80 SETID@F10ERRORCLASSUsl
  403014 SETID@F10ERRORCLASSUs
  403088 SETERRORS@F10ERRORCLASS
  403160 SETERRORLOG@F10ERRORCLASS17ERRORLOGINTERFACE
  403258 SETCATEGORY@F10ERRORCLASSssa
  403304 RESETHISTORY@F10ERRORCLASS
  403380 REMOVEERROR@F10ERRORCLASSUs
  403438 MESSAGEBOX@F10ERRORCLASSUcsbOsbOsblll
  4034DC MSG@F10ERRORCLASSsbOsbOsblll
  4038C8 MESSAGE@F10ERRORCLASSsll
  403970 KILL@F10ERRORCLASS
  403A50 INIT@F10ERRORCLASS16ERRORSTATUSCLASS
  403ACC INIT@F10ERRORCLASS
  403BFC HISTORYMSG@F10ERRORCLASSsblll
  403DD0 GETPROCEDURENAME@F10ERRORCLASS
  403F24 GETCATEGORY@F10ERRORCLASSs
  403FF0 ADDHISTORY@F10ERRORCLASS
  40409C ADDERRORS@F10ERRORCLASS10ERRORBLOCK
  404304 ADDERROR@F10ERRORCLASSUsRsbRsbUcsa
  40443C DESTRUCT@F10ERRORCLASS
  404478 CONSTRUCT@F10ERRORCLASS
  4044B0 DESTRUCT@F16ERRORSTATUSCLASS
  404508 CONSTRUCT@F16ERRORSTATUSCLASS
  404690 CLOSE_@_ERRORLOGINTERFACE_@_STANDARDERRORLOGCLASS@F17ERRORLOGINTERFACEUc
  4046C0 OPEN_@_ERRORLOGINTERFACE_@_STANDARDERRORLOGCLASS@F17ERRORLOGINTERFACEUc
  4046F0 TAKE_@_ERRORLOGINTERFACE_@_STANDARDERRORLOGCLASS@F17ERRORLOGINTERFACEsb
  4047A8 CLOSE@F21STANDARDERRORLOGCLASSUc
  404844 OPEN@F21STANDARDERRORLOGCLASSUc
  404908 DESTRUCT@F21STANDARDERRORLOGCLASS
  404934 CONSTRUCT@F21STANDARDERRORLOGCLASS
  404990 DESTRUCT@F12FILESMANAGER
  4049FC CONSTRUCT@F12FILESMANAGER
  404A50 TRYREGET@F11FILEMANAGERsb
  404B10 POSITION@F11FILEMANAGER
  404BAC SETOPTION@F10FUZZYCLASSUcUc
  404C44 KILL@F10FUZZYCLASS
  404C64 INIT@F10FUZZYCLASS
  404C9C CONSTRUCT@F10FUZZYCLASS
  404E3C TAKERESIZE@F17WINDOWRESIZECLASS
  404E68 KILL@F17WINDOWRESIZECLASS
  404F20 TAKEEVENT@F12TOOLBARCLASSPl13WINDOWMANAGER
  404F9C SETTARGET@F12TOOLBARCLASSl
  4050B0 KILL@F12TOOLBARCLASS
  4050E4 INIT@F12TOOLBARCLASS
  405124 DISPLAYBUTTONS@F12TOOLBARCLASS
  405184 UPDATEQUEUE@F8INICLASSsbsbBqRuPuPuPu
  4053C0 UPDATE@F8INICLASSsbsbsb
  405490 UPDATE@F8INICLASSsbBw
  405674 UPDATE@F8INICLASS
  405694 TRYFETCH@F8INICLASSsbsb
  40571C REMOVE@F8INICLASSsbsb
  4058BC KILL@F8INICLASS
  405A10 INIT@F8INICLASSsbll
  405B5C FETCHQUEUE@F8INICLASSsbsbBqRuPuPuPu
  405DD8 FETCHFIELD@F8INICLASSsbsbUc
  405F74 FETCH@F8INICLASSsbsbRu
  40604C FETCH@F8INICLASSsbBw
  4062B4 FETCH@F8INICLASSsbsb
  40644C FETCH@F8INICLASS
  40646C UPDATEWINDOWINFO@F8INICLASSsb10WINDOWINFO
  406700 FETCHWINDOWINFO@F8INICLASSsb10WINDOWINFO
  406994 UPDATE@F8INICLASSsbsbsbsb
  406BA8 FETCH@F8INICLASSsbsbsbsb
  406DFC DESTRUCT@F8INICLASS
  406E38 CONSTRUCT@F8INICLASS
  406F78 SAVEONINSERTACTION@F13WINDOWMANAGER
  407064 SAVEONCHANGEACTION@F13WINDOWMANAGER
  4071CC DELETEACTION@F13WINDOWMANAGER
  4073D8 CHANGEACTION@F13WINDOWMANAGER
  407800 INSERTACTION@F13WINDOWMANAGER
  407A70 TAKEDISABLEBUTTON@F13WINDOWMANAGERlUc
  407AC8 UPDATE@F13WINDOWMANAGER
  407B34 TAKEWINDOWEVENT@F13WINDOWMANAGER
  407D90 TAKESELECTED@F13WINDOWMANAGER
  407DB0 TAKEREJECTED@F13WINDOWMANAGER
  407E08 TAKENOTIFY@F13WINDOWMANAGERlll
  407E40 TAKENEWSELECTION@F13WINDOWMANAGER
  407ED8 TAKEFIELDEVENT@F13WINDOWMANAGER
  407EF8 TAKEEVENT@F13WINDOWMANAGER
  4080F0 TAKECLOSEEVENT@F13WINDOWMANAGER
  4082F8 TAKECOMPLETED@F13WINDOWMANAGER
  40842C TAKEACCEPTED@F13WINDOWMANAGER
  408574 SETRESPONSE@F13WINDOWMANAGERUc
  4085E4 SETALERTS@F13WINDOWMANAGER
  4086CC SAVEHISTORY@F13WINDOWMANAGER
  4087A8 RUN@F13WINDOWMANAGERUsUc
  4087DC RUN@F13WINDOWMANAGER
  40883C RESTOREFIELD@F13WINDOWMANAGERl
  408950 RESETBUFFERS@F13WINDOWMANAGERUc
  4089D0 RESET@F13WINDOWMANAGERUc
  408A98 PRIMEUPDATE@F13WINDOWMANAGER
  408C58 PRIMEFIELDS@F13WINDOWMANAGER
  408C78 POSTCOMPLETED@F13WINDOWMANAGER
  408D3C OPEN@F13WINDOWMANAGERBwBw
  408DB0 OPEN@F13WINDOWMANAGER
  408E10 MODALEVENT@F13WINDOWMANAGER
  408F40 KILL@F13WINDOWMANAGER
  40910C INIT@F13WINDOWMANAGER
  4091C4 ASK@F13WINDOWMANAGER
  409244 ADDITEM@F13WINDOWMANAGER15WINDOWCOMPONENT
  4092C4 ADDITEM@F13WINDOWMANAGER12TOOLBARCLASS
  409300 ADDITEM@F13WINDOWMANAGERlUc
  409370 DISABLECANCELCONTROLS@F13WINDOWMANAGER
  4093F0 ENABLECANCELCONTROLS@F13WINDOWMANAGER
  409470 DESTRUCT@F15CRITICALSECTION
  4094A4 CONSTRUCT@F15CRITICALSECTION
  4094D4 KILL@F17CRITICALPROCEDURE
  40951C INIT@F17CRITICALPROCEDURE11ISYNCOBJECT
  409568 DESTRUCT@F17CRITICALPROCEDURE
  409590 CONSTRUCT@F17CRITICALPROCEDURE
  409928 MAIN@F
  409A00 ISPROCESSRUNNING@Fsb
  409B80 GITHUBDEMO_BC0$GITHUBDEMO_BC0:FILESINIT@F
  409B98 GITHUBDEMO_BC0$GITHUBDEMO_BC0:DCTKILL@F
  409BB0 GITHUBDEMO_BC0$GITHUBDEMO_BC0:DCTINIT@F
  409BC8 DCTKILL@F
  409BE4 DCTINIT@F
  409C04 _main
  409CB8 DESTRUCT@F10DICTIONARY
  409CDC CONSTRUCT@F10DICTIONARY
  40A0F0 __thr_inst0
  40B000 $DEFAULTERRORS
  40C2B4 TYPE$COLORMAP
  40C2E0 TCB$COLORMAP
  40C598 STDERRORFILE$TYPE$RECORD
  40C5B0 $STDERRORFILE
  40C62C TYPE$PNQ
  40C64C TYPE$DEFAULTERRORS
  40C8CC TYPE$HISTHANDLERCLASS
  40C914 VMT$HISTHANDLERCLASS
  40C944 TYPE$MSGBOXCLASS
  40CBBC VMT$MSGBOXCLASS
  40CC44 TYPE$ERRORCLASS
  40CEA0 VMT$ERRORCLASS
  40CEEC TYPE$STANDARDERRORLOGCLASS
  40CF24 VMT$STANDARDERRORLOGCLASS
  40CF3C TYPE$ERRORSTATUSCLASS
  40D030 VMT$ERRORSTATUSCLASS
  40D048 TYPE$UNTHREADEDFILEOPENERMAP
  40D06C TCB$UNTHREADEDFILEOPENERMAP
  40D07C TYPE$FILESMANAGER
  40D0C0 VMT$FILESMANAGER
  40D0CC TYPE$FILEMAPPING_T
  40D0F8 TYPE$FILEMAPPING_R
  40D128 TYPE$STATUSQ_T
  40D190 TYPE$FUZZYCLASS
  40D238 VMT$FUZZYCLASS
  40D258 TYPE$TOOLBARTARGETQUEUE
  40D274 TYPE$TOOLBARCLASS
  40D28C VMT$TOOLBARCLASS
  40D374 TYPE$INICLASS
  40D3BC VMT$INICLASS
  40D45C TYPE$BUTTONLIST
  40D480 TYPE$COMPONENTLIST
  40D49C TYPE$CRITICALSECTION
  40D4B4 VMT$CRITICALSECTION
  40D4C0 TYPE$CRITICALPROCEDURE
  40D4D8 VMT$CRITICALPROCEDURE
  40D878 TYPE$DICTIONARY
  40D888 VMT$DICTIONARY
  40DAD4 VMTP$DICTIONARY
  40DAE4 VMTP$FILESMANAGER
  40DAEC VMTP$INICLASS
  40DAF4 VMTP$TOOLBARCLASS
  40DAFC VMTP$HISTHANDLERCLASS
  40DB04 VMTP$MSGBOXCLASS
  40DB0C VMTP$ERRORCLASS
  40DB14 VMTP$STANDARDERRORLOGCLASS
  40DB1C VMTP$ERRORSTATUSCLASS
  40DB24 VMTP$FUZZYCLASS
  40DB2C VMTP$CRITICALSECTION
  40DB34 VMTP$CRITICALPROCEDURE
  40DB40 $FUZZYMATCHER
  40F164 $COLORMAP
  40F19C $MULTIWINDOW
  40F1A0 $TXTWINDOW
  40F1A4 $WINDOW
  40F1A8 STDERRORFILE$RECORD
  40F5A8 $UNTHREADEDFILEOPENERMAP
  40F5B0 $CREATEOPENERCRIT
  40F6C0 $GLOBALERRORS
  40F6F4 $INIMGR
  4100B0 $GLOBALERRORSTATUS
  4113D4 $GLOBALREQUEST
  4113D8 $GLOBALRESPONSE
  4113DC $VCRREQUEST
  4113E0 $DICTIONARY
  4113E4 $FILESMANAGER
  4113FC $SZDBTEXTLOG
  412000 __import_section_start
  412E90 __import_section_end

Imports
ClaASC.dll:ASCII 412058
ClaRUN.dll:Cla$ACCEPTED 412254,401000
ClaRUN.dll:Cla$ADDqueue 412258
ClaRUN.dll:Cla$AssertFailed 41225C
ClaRUN.dll:Cla$AssertFailedM 412260
ClaRUN.dll:Cla$AssignRefUfo 412264
ClaRUN.dll:Cla$BEEP 412268,401008
ClaRUN.dll:Cla$CLEAR 41226C
ClaRUN.dll:Cla$clearstr 412270
ClaRUN.dll:Cla$CLOCK 412274,401010
ClaRUN.dll:Cla$CLOSEwindow 412278,401018
ClaRUN.dll:Cla$code 41227C
ClaRUN.dll:Cla$comparestr 412280
ClaRUN.dll:Cla$DecDistinct 412284
ClaRUN.dll:Cla$DecDistinctR 412288
ClaRUN.dll:Cla$DELETEqueue 41228C,401020
ClaRUN.dll:Cla$DELETEREG 412290,401028
ClaRUN.dll:Cla$DISABLE 412294,401030
ClaRUN.dll:Cla$DISPLAY 412298,401038
ClaRUN.dll:Cla$DISPOSEqueue 41229C
ClaRUN.dll:Cla$DISPOSEref 4122A0
ClaRUN.dll:Cla$Dlongpower 4122A4
ClaRUN.dll:Cla$DPopLong 4122A8
ClaRUN.dll:Cla$DPushLong 4122AC
ClaRUN.dll:Cla$ENABLE 4122B0,401040
ClaRUN.dll:Cla$EndEventLoop 4122B4
ClaRUN.dll:Cla$ERRORCODE 4122B8,401048
ClaRUN.dll:Cla$EVENT 4122BC,401050
ClaRUN.dll:Cla$FIELD 4122C0,401058
ClaRUN.dll:Cla$FILEERRORCODE 4122C4,401060
ClaRUN.dll:Cla$FILEERRORMSG 4122C8,401068
ClaRUN.dll:Cla$FileExists 4122CC,401070
ClaRUN.dll:Cla$FILE_ADDf 4122D0
ClaRUN.dll:Cla$FILE_CLOSE 4122D4,401078
ClaRUN.dll:Cla$FILE_CREATE 4122D8
ClaRUN.dll:CLA$FILE_DESTROY 4122DC
ClaRUN.dll:Cla$FILE_NAME 4122E0,401080
ClaRUN.dll:Cla$FILE_OPEN 4122E4,401088
ClaRUN.dll:Cla$FILE_POSITIONf 4122E8,401090
ClaRUN.dll:Cla$FILE_POSITIONk 4122EC,401098
ClaRUN.dll:Cla$FILE_REGETf 4122F0,4010A0
ClaRUN.dll:Cla$FILE_REGETk 4122F4,4010A8
ClaRUN.dll:Cla$FOCUS 4122F8,4010B0
ClaRUN.dll:Cla$FREEqueue 4122FC
ClaRUN.dll:Cla$FREEqueuea 412300,4010B8
ClaRUN.dll:Cla$freestr 412304
ClaRUN.dll:Cla$FreeUfo 412308
ClaRUN.dll:Cla$freewindow 41230C
ClaRUN.dll:Cla$GETINI 412310,4010C0
ClaRUN.dll:Cla$GetPropS 412314
ClaRUN.dll:Cla$GETqueuekey 412318,4010C8
ClaRUN.dll:Cla$GETqueueptr 41231C
ClaRUN.dll:Cla$GETREG 412320,4010D0
ClaRUN.dll:Cla$HALT 412324,4010D8
ClaRUN.dll:Cla$init 412328
ClaRUN.dll:Cla$INSTANCE 41232C,4010E0
ClaRUN.dll:Cla$KEYCODE 412330,4010E8
ClaRUN.dll:Cla$longtostr 412334
ClaRUN.dll:Cla$Mem2Ufo 412338
ClaRUN.dll:Cla$MessageBox 41233C,4010F0
ClaRUN.dll:Cla$NewMemB 412340
ClaRUN.dll:Cla$NewMemT 412344
ClaRUN.dll:Cla$NewMemZ 412348
ClaRUN.dll:Cla$NEWqueue 41234C
ClaRUN.dll:Cla$NOTIFICATION 412350,4010F8
ClaRUN.dll:Cla$OPENowned 412354,401100
ClaRUN.dll:Cla$OPENwindow 412358,401108
ClaRUN.dll:Cla$POINTERqueue 41235C,401110
ClaRUN.dll:Cla$PopAString 412360
ClaRUN.dll:Cla$PopBind 412364,401118
ClaRUN.dll:Cla$PopCString 412368
ClaRUN.dll:Cla$PopString 41236C
ClaRUN.dll:Cla$PopTemp 412370
ClaRUN.dll:Cla$POST 412374,401120
ClaRUN.dll:Cla$PushAString 412378
ClaRUN.dll:Cla$PushBind 41237C,401128
ClaRUN.dll:Cla$PushCString 412380
ClaRUN.dll:Cla$PushLong 412384
ClaRUN.dll:Cla$PushPictLong 412388
ClaRUN.dll:Cla$PushString 41238C
ClaRUN.dll:Cla$PushUfo 412390
ClaRUN.dll:Cla$PUTINI 412394,401130
ClaRUN.dll:Cla$PUTqueue 412398
ClaRUN.dll:Cla$PUTREG 41239C,401138
ClaRUN.dll:Cla$pwopen 4123A0,401140
ClaRUN.dll:Cla$RECORDSqueue 4123A4,401148
ClaRUN.dll:Cla$RefAssignAny 4123A8
ClaRUN.dll:Cla$SELECT 4123AC,401150
ClaRUN.dll:Cla$SETCURSOR 4123B0,401158
ClaRUN.dll:Cla$SETKEYCODE 4123B4,401160
ClaRUN.dll:Cla$SetPropS 4123B8
ClaRUN.dll:Cla$SetPropV 4123BC
ClaRUN.dll:Cla$Stack2DStack 4123C0
ClaRUN.dll:Cla$Stack2Ufo 4123C4
ClaRUN.dll:Cla$StackCLIP 4123C8,401168
ClaRUN.dll:Cla$StackCompareN 4123CC
ClaRUN.dll:Cla$StackCompareNEQ 4123D0
ClaRUN.dll:Cla$StackConcat 4123D4
ClaRUN.dll:Cla$StackConcatR 4123D8
ClaRUN.dll:Cla$StackErrstr 4123DC,401170
ClaRUN.dll:Cla$StackHeap 4123E0
ClaRUN.dll:Cla$StackINSTRING 4123E4,401178
ClaRUN.dll:Cla$StackLen 4123E8,401180
ClaRUN.dll:Cla$StackRotate 4123EC
ClaRUN.dll:Cla$StackSUB 4123F0,401188
ClaRUN.dll:Cla$StackUPPER 4123F4,401190
ClaRUN.dll:Cla$StartEventLoop 4123F8
ClaRUN.dll:Cla$storecstr 4123FC
ClaRUN.dll:Cla$storestr 412400
ClaRUN.dll:Cla$THREAD 412404,401198
ClaRUN.dll:Cla$TODAY 412408,4011A0
ClaRUN.dll:Cla$UNHIDE 41240C,4011A8
ClaRUN.dll:Cla$UNREGISTEREVENT 412410,4011B0
ClaRUN.dll:Cla$WHAT 412414,4011B8
ClaRUN.dll:Cla$YIELD 412418,4011C0
ClaRUN.dll:NewCriticalSection 41241C,4011C8
ClaRUN.dll:THR$GetInstance 412420,4011D0
ClaRUN.dll:_exit 412424,4011D8
ClaRUN.dll:_free 412428
ClaRUN.dll:_malloc 41242C
ClaRUN.dll:__a_chkstk 412430,4011E0
ClaRUN.dll:__e_index 412434,4011E8
ClaRUN.dll:__e_stack 412438,4011F0
ClaRUN.dll:__sysinit 41243C,4011F8
ClaRUN.dll:__sysstart 412440,401200
KERNEL32.dll:CloseHandle 41245C,401208
KERNEL32.dll:CreateToolhelp32Snapshot 412460,401210
KERNEL32.dll:Process32First 412464,401218
KERNEL32.dll:Process32Next 412468,401220



Entry Point:   409D08